apiVersion: v1
data:
  config: |
    {
    executorimage: uhub.service.ucloud.cn/a4x-kubeflow/argoexec:v2.3.0,
    containerRuntimeExecutor: pns,
    artifactRepository:
    {
        s3: {
            bucket: mlpipeline,
            keyPrefix: artifacts,
            endpoint: minio-service.kubeflow:9000,
            insecure: true,
            accessKeySecret: {
                name: mlpipeline-minio-artifact,
                key: accesskey
            },
            secretKeySecret: {
                name: mlpipeline-minio-artifact,
                key: secretkey
            }
        }
    }
    }
kind: ConfigMap
metadata:
  labels:
    app.kubernetes.io/component: argo
    app.kubernetes.io/name: argo
    kustomize.component: argo
  name: workflow-controller-configmap
  namespace: kubeflow
